<html>
<body>
<pre>
<h1>µVision Build Log</h1>
<h2>Tool Versions:</h2>
IDE-Version: ¦ÌVision V5.14.0.0
Copyright (C) 2015 ARM Ltd and ARM Germany GmbH. All rights reserved.
License Information: z ZHC, gdiu, LIC=----
 
Tool Versions:
Toolchain:       MDK-Lite  Version: 5.14.0.0
Toolchain Path:  D:\Keil5\ARM\ARMCC\Bin
C Compiler:      Armcc.exe V5.05 update 1 (build 106)
Assembler:       Armasm.exe V5.05 update 1 (build 106)
Linker/Locator:  ArmLink.exe V5.05 update 1 (build 106)
Library Manager: ArmAr.exe V5.05 update 1 (build 106)
Hex Converter:   FromElf.exe V5.05 update 1 (build 106)
CPU DLL:         SARMCM3.DLL V5.14.0.0
Dialog DLL:      DCM.DLL V1.13.1.0
Target DLL:      Segger\JL2CM3.dll V2.99.13.0
Dialog DLL:      TCM.DLL V1.14.4.0
 
<h2>Project:</h2>
C:\Users\ZHC\Desktop\first_pro\USER\first_pro.uvprojx
Project File Date:  09/11/2024

<h2>Output:</h2>
Rebuild target 'first'
assembling startup_stm32f10x_md.s...
compiling stm32f10x_usart.c...
compiling misc.c...
compiling stm32f10x_gpio.c...
compiling stm32f10x_rcc.c...
compiling stm32f10x_tim.c...
compiling stm32f10x_exti.c...
compiling system_stm32f10x.c...
compiling delay.c...
delay.h(12): warning:  #1-D: last line of file ends without a newline
  #endif
delay.c(63): warning:  #1-D: last line of file ends without a newline
  }
delay.c: 2 warnings, 0 errors
compiling main.c...
moto.h(30): warning:  #1-D: last line of file ends without a newline
  # endif
delay.h(12): warning:  #1-D: last line of file ends without a newline
  #endif
usart.h(11): warning:  #1-D: last line of file ends without a newline
  #endif
exti.h(25): warning:  #1-D: last line of file ends without a newline
  #endif
pwn.h(17): warning:  #1-D: last line of file ends without a newline
  #endif
uw.h(19): warning:  #1-D: last line of file ends without a newline
  #endif
xunji.h(13): warning:  #1-D: last line of file ends without a newline
  #endif // XUN
follow.h(10): warning:  #1-D: last line of file ends without a newline
  #endif
main.c: 8 warnings, 0 errors
compiling stm32f10x_it.c...
compiling moto.c...
moto.h(30): warning:  #1-D: last line of file ends without a newline
  # endif
moto.c: 1 warning, 0 errors
compiling usart.c...
usart.h(11): warning:  #1-D: last line of file ends without a newline
  #endif
usart.c(81): warning:  #223-D: function "Car_Forward_Speed" declared implicitly
                        Car_Forward_Speed(75);
usart.c(85): warning:  #223-D: function "Car_Right_Speed" declared implicitly
                        Car_Right_Speed(75);
usart.c(90): warning:  #223-D: function "Car_Left_Speed" declared implicitly
                        Car_Left_Speed(75);
usart.c(95): warning:  #223-D: function "Car_Back_Speed" declared implicitly
                        Car_Back_Speed(75);
usart.c(100): warning:  #223-D: function "Car_Stop" declared implicitly
                        Car_Stop();
usart.c: 6 warnings, 0 errors
compiling exti.c...
usart.h(11): warning:  #1-D: last line of file ends without a newline
  #endif
exti.h(25): warning:  #1-D: last line of file ends without a newline
  #endif
exti.c: 2 warnings, 0 errors
compiling pwn.c...
pwn.h(17): warning:  #1-D: last line of file ends without a newline
  #endif
pwn.c: 1 warning, 0 errors
compiling uw.c...
delay.h(12): warning:  #1-D: last line of file ends without a newline
  #endif
uw.h(19): warning:  #1-D: last line of file ends without a newline
  #endif
uw.c: 2 warnings, 0 errors
compiling sg90.c...
compiling trace.c...
delay.h(12): warning:  #1-D: last line of file ends without a newline
  #endif
uw.h(19): warning:  #1-D: last line of file ends without a newline
  #endif
moto.h(30): warning:  #1-D: last line of file ends without a newline
  # endif
usart.h(11): warning:  #1-D: last line of file ends without a newline
  #endif
trace.c: 4 warnings, 0 errors
compiling xunji.c...
usart.h(11): warning:  #1-D: last line of file ends without a newline
  #endif
delay.h(12): warning:  #1-D: last line of file ends without a newline
  #endif
moto.h(30): warning:  #1-D: last line of file ends without a newline
  # endif
xunji.h(13): warning:  #1-D: last line of file ends without a newline
  #endif // XUN
xunji.c: 4 warnings, 0 errors
compiling follow.c...
delay.h(12): warning:  #1-D: last line of file ends without a newline
  #endif
uw.h(19): warning:  #1-D: last line of file ends without a newline
  #endif
moto.h(30): warning:  #1-D: last line of file ends without a newline
  # endif
follow.h(10): warning:  #1-D: last line of file ends without a newline
  #endif
follow.c: 4 warnings, 0 errors
linking...
Program Size: Code=5292 RO-data=268 RW-data=28 ZI-data=1028  
FromELF: creating hex file...
"..\OBJ\first_pro.axf" - 0 Error(s), 34 Warning(s).

<h2>Collection of Component include folders:</h2>
  C:\Users\ZHC\Desktop\first_pro\USER\RTE
  D:\Keil5\ARM\PACK\Keil\STM32F1xx_DFP\1.0.5\Device\Include

<h2>Collection of Component Files used:</h2>
</pre>
</body>
</html>
