<html>
<body>
<pre>
<h1>�Vision Build Log</h1>
<h2>Tool Versions:</h2>
IDE-Version: ��Vision V5.14.0.0
Copyright (C) 2015 ARM Ltd and ARM Germany GmbH. All rights reserved.
License Information: z ZHC, gdiu, LIC=----
 
Tool Versions:
Toolchain:       MDK-Lite  Version: 5.14.0.0
Toolchain Path:  D:\Keil5\ARM\ARMCC\Bin
C Compiler:      Armcc.exe V5.05 update 1 (build 106)
Assembler:       Armasm.exe V5.05 update 1 (build 106)
Linker/Locator:  ArmLink.exe V5.05 update 1 (build 106)
Library Manager: ArmAr.exe V5.05 update 1 (build 106)
Hex Converter:   FromElf.exe V5.05 update 1 (build 106)
CPU DLL:         SARMCM3.DLL V5.14.0.0
Dialog DLL:      DCM.DLL V1.13.1.0
Target DLL:      Segger\JL2CM3.dll V2.99.13.0
Dialog DLL:      TCM.DLL V1.14.4.0
 
<h2>Project:</h2>
C:\Users\ZHC\Desktop\first_pro\USER\first_pro.uvprojx
Project File Date:  09/06/2024

<h2>Output:</h2>
Rebuild target 'first'
assembling startup_stm32f10x_md.s...
compiling stm32f10x_usart.c...
compiling misc.c...
compiling stm32f10x_gpio.c...
compiling stm32f10x_rcc.c...
compiling stm32f10x_tim.c...
compiling stm32f10x_exti.c...
compiling system_stm32f10x.c...
compiling delay.c...
delay.h(12): warning:  #1-D: last line of file ends without a newline
  #endif
delay.c(63): warning:  #1-D: last line of file ends without a newline
  }
delay.c: 2 warnings, 0 errors
compiling main.c...
moto.h(30): warning:  #1-D: last line of file ends without a newline
  # endif
delay.h(12): warning:  #1-D: last line of file ends without a newline
  #endif
usart.h(8): warning:  #1-D: last line of file ends without a newline
  #endif
exti.h(23): warning:  #1-D: last line of file ends without a newline
  #endif
main.c: 4 warnings, 0 errors
compiling stm32f10x_it.c...
compiling moto.c...
moto.h(30): warning:  #1-D: last line of file ends without a newline
  # endif
moto.c(64): warning:  #177-D: variable "pulse" was declared but never referenced
      uint16_t pulse;  // 提前声明变量
moto.c: 2 warnings, 0 errors
compiling usart.c...
usart.h(8): warning:  #1-D: last line of file ends without a newline
  #endif
usart.c: 1 warning, 0 errors
compiling exti.c...
usart.h(8): warning:  #1-D: last line of file ends without a newline
  #endif
moto.h(30): warning:  #1-D: last line of file ends without a newline
  # endif
delay.h(12): warning:  #1-D: last line of file ends without a newline
  #endif
exti.h(23): warning:  #1-D: last line of file ends without a newline
  #endif
exti.c: 4 warnings, 0 errors
linking...
Program Size: Code=3872 RO-data=268 RW-data=24 ZI-data=1024  
FromELF: creating hex file...
"..\OBJ\first_pro.axf" - 0 Error(s), 13 Warning(s).

<h2>Collection of Component include folders:</h2>
  C:\Users\ZHC\Desktop\first_pro\USER\RTE
  D:\Keil5\ARM\PACK\Keil\STM32F1xx_DFP\1.0.5\Device\Include

<h2>Collection of Component Files used:</h2>
</pre>
</body>
</html>
